// Jest Snapshot v1, https://goo.gl/fbAQLP

exports[`Should render <App /> should match snapshot 1`] = `
<React.Fragment>
  <Connect(TopBar) />
  <Header />
  <main>
    <WorkshopForm />
    <Connect(TopicContainer) />
  </main>
</React.Fragment>
`;
