// Jest Snapshot v1, https://goo.gl/fbAQLP

exports[`<ActivityIndicator> should match snapshot 1`] = `
<p>
  Loading
</p>
`;
