// Jest Snapshot v1, https://goo.gl/fbAQLP

exports[`<Button> component should render 1`] = `
<Button__BasicButton
  type="primary"
/>
`;
