// Jest Snapshot v1, https://goo.gl/fbAQLP

exports[`<TopBar> should render 1`] = `
<styled.section>
  <Text
    color="#fff"
    display="inline"
    type="basic"
  >
    Zaloguj siÄ™ przez GitHub
  </Text>
  <Button
    marginLeft="10px"
    onClick={[Function]}
    type="primary"
  >
    Zaloguj
  </Button>
</styled.section>
`;
