// Jest Snapshot v1, https://goo.gl/fbAQLP

exports[`<Trainer> component should render 1`] = `
<div
  style={Object {}}
>
  <p>
    John Doe
  </p>
</div>
`;
